// Jest Snapshot v1, https://goo.gl/fbAQLP

exports[`<ListItem /> renders correctly 1`] = `
<View
  style={
    Object {
      "backgroundColor": "#fff",
      "elevation": 3,
      "marginTop": 10,
      "padding": 10,
      "shadowOffset": Object {
        "height": 1,
        "width": 0,
      },
      "shadowOpacity": 0.3,
      "shadowRadius": 3,
    }
  }
>
  <Text>
    Hello world
  </Text>
</View>
`;
