// Jest Snapshot v1, https://goo.gl/fbAQLP

exports[`<DictionaryPage /> renders correctly 1`] = `
<View
  style={
    {
      "backgroundColor": "#fff",
    }
  }
>
  <RCTScrollView
    data={
      [
        {
          "data": [
            {
              "definition": "When Forcing you are making the player holding the disc throw a certain direction. A break is when your attempt fails and they throw the direction you are guarding against. A teammate may yell “no break!” if there is an opposing player wide open on the guarded side, this means try extra hard to guard that side.",
              "id": 0,
              "text": "Break",
            },
            {
              "definition": "Happens when a freshly pulled disc goes out-of-bounds. The receiving team take the disc to the brick-mark which is centrally located and 20 yards in-field from the first end zone line. A brick is signified by clapping hands once over head or by calling “Brick.”",
              "id": 1,
              "text": "Brick",
            },
          ],
          "id": 1,
          "title": "B",
        },
      ]
    }
    getItem={[Function]}
    getItemCount={[Function]}
    keyExtractor={[Function]}
    onContentSizeChange={[Function]}
    onLayout={[Function]}
    onMomentumScrollBegin={[Function]}
    onMomentumScrollEnd={[Function]}
    onScroll={[Function]}
    onScrollBeginDrag={[Function]}
    onScrollEndDrag={[Function]}
    renderItem={[Function]}
    scrollEventThrottle={50}
    stickyHeaderIndices={
      [
        0,
      ]
    }
  >
    <View>
      <View
        onFocusCapture={[Function]}
        onLayout={[Function]}
        style={null}
      >
        <Text
          style={
            {
              "backgroundColor": "#2a9e91",
              "color": "white",
              "fontWeight": "bold",
              "marginBottom": 5,
              "padding": 15,
            }
          }
        >
          B
        </Text>
      </View>
      <View
        onFocusCapture={[Function]}
        onLayout={[Function]}
        style={null}
      >
        <View
          accessibilityState={
            {
              "busy": undefined,
              "checked": undefined,
              "disabled": undefined,
              "expanded": undefined,
              "selected": undefined,
            }
          }
          accessibilityValue={
            {
              "max": undefined,
              "min": undefined,
              "now": undefined,
              "text": undefined,
            }
          }
          accessible={true}
          collapsable={false}
          focusable={true}
          onClick={[Function]}
          onResponderGrant={[Function]}
          onResponderMove={[Function]}
          onResponderRelease={[Function]}
          onResponderTerminate={[Function]}
          onResponderTerminationRequest={[Function]}
          onStartShouldSetResponder={[Function]}
          style={
            {
              "opacity": 1,
            }
          }
        >
          <Text
            style={
              {
                "borderBottomColor": "#e5e5e5",
                "borderBottomWidth": 1,
                "padding": 15,
              }
            }
          >
            Break
          </Text>
        </View>
      </View>
      <View
        onFocusCapture={[Function]}
        onLayout={[Function]}
        style={null}
      >
        <View
          accessibilityState={
            {
              "busy": undefined,
              "checked": undefined,
              "disabled": undefined,
              "expanded": undefined,
              "selected": undefined,
            }
          }
          accessibilityValue={
            {
              "max": undefined,
              "min": undefined,
              "now": undefined,
              "text": undefined,
            }
          }
          accessible={true}
          collapsable={false}
          focusable={true}
          onClick={[Function]}
          onResponderGrant={[Function]}
          onResponderMove={[Function]}
          onResponderRelease={[Function]}
          onResponderTerminate={[Function]}
          onResponderTerminationRequest={[Function]}
          onStartShouldSetResponder={[Function]}
          style={
            {
              "opacity": 1,
            }
          }
        >
          <Text
            style={
              {
                "borderBottomColor": "#e5e5e5",
                "borderBottomWidth": 1,
                "padding": 15,
              }
            }
          >
            Brick
          </Text>
        </View>
      </View>
      <View
        onFocusCapture={[Function]}
        onLayout={[Function]}
        style={null}
      />
    </View>
  </RCTScrollView>
  <Modal
    animationType="fade"
    hardwareAccelerated={false}
    onRequestClose={[Function]}
    transparent={true}
    useNativeDriver={true}
    visible={false}
  />
</View>
`;
