// Jest Snapshot v1, https://goo.gl/fbAQLP

exports[`<HomePage /> renders correctly 1`] = `
<RNCSafeAreaProvider
  onInsetsChange={[Function]}
  style={
    Array [
      Object {
        "flex": 1,
      },
      undefined,
    ]
  }
>
  <View
    style={
      Array [
        Object {
          "flex": 1,
          "overflow": "hidden",
        },
        undefined,
      ]
    }
  >
    <View
      style={
        Array [
          Object {
            "flex": 1,
          },
          Object {
            "backgroundColor": "rgb(242, 242, 242)",
          },
        ]
      }
    >
      <View
        accessibilityElementsHidden={false}
        collapsable={false}
        importantForAccessibility="auto"
        pointerEvents="auto"
        removeClippedSubviews={false}
        style={
          Array [
            Object {
              "bottom": 0,
              "left": 0,
              "opacity": 1,
              "position": "absolute",
              "right": 0,
              "top": 0,
            },
            Object {
              "display": "flex",
            },
          ]
        }
        testID="RouteScreen: 0"
      >
        <View
          collapsable={false}
          style={
            Object {
              "flex": 1,
              "top": 0,
            }
          }
        >
          <View
            style={
              Object {
                "backgroundColor": "#fff",
                "height": "100%",
              }
            }
          >
            <View
              accessible={true}
              focusable={true}
              onClick={[Function]}
              onResponderGrant={[Function]}
              onResponderMove={[Function]}
              onResponderRelease={[Function]}
              onResponderTerminate={[Function]}
              onResponderTerminationRequest={[Function]}
              onStartShouldSetResponder={[Function]}
              style={
                Object {
                  "flexBasis": "25%",
                  "flexGrow": 1,
                  "marginBottom": 5,
                }
              }
            >
              <View
                accessibilityIgnoresInvertColors={true}
                style={
                  Object {
                    "height": "100%",
                  }
                }
              >
                <Image
                  source={1}
                  style={
                    Array [
                      Object {
                        "bottom": 0,
                        "left": 0,
                        "position": "absolute",
                        "right": 0,
                        "top": 0,
                      },
                      Object {
                        "height": "100%",
                        "width": undefined,
                      },
                      undefined,
                    ]
                  }
                />
                <View
                  style={
                    Object {
                      "alignItems": "flex-start",
                      "bottom": 0,
                      "justifyContent": "center",
                      "left": 0,
                      "padding": 20,
                      "position": "absolute",
                      "right": 0,
                      "top": 0,
                    }
                  }
                >
                  <Text
                    style={
                      Object {
                        "color": "#fff",
                        "fontSize": 28,
                        "fontWeight": "bold",
                      }
                    }
                  >
                    Drills
                  </Text>
                </View>
              </View>
            </View>
            <View
              style={
                Object {
                  "flex": 1,
                  "flexBasis": "25%",
                  "flexDirection": "row",
                  "flexGrow": 1,
                }
              }
            >
              <View
                accessible={true}
                focusable={true}
                onClick={[Function]}
                onResponderGrant={[Function]}
                onResponderMove={[Function]}
                onResponderRelease={[Function]}
                onResponderTerminate={[Function]}
                onResponderTerminationRequest={[Function]}
                onStartShouldSetResponder={[Function]}
                style={
                  Object {
                    "flexBasis": "25%",
                    "flexGrow": 1,
                    "marginBottom": 5,
                    "marginRight": 5,
                    "width": "50%",
                  }
                }
              >
                <View
                  accessibilityIgnoresInvertColors={true}
                  style={
                    Object {
                      "height": "100%",
                    }
                  }
                >
                  <Image
                    source={1}
                    style={
                      Array [
                        Object {
                          "bottom": 0,
                          "left": 0,
                          "position": "absolute",
                          "right": 0,
                          "top": 0,
                        },
                        Object {
                          "height": "100%",
                          "width": undefined,
                        },
                        undefined,
                      ]
                    }
                  />
                  <View
                    style={
                      Object {
                        "alignItems": "flex-start",
                        "bottom": 0,
                        "justifyContent": "center",
                        "left": 0,
                        "padding": 20,
                        "position": "absolute",
                        "right": 0,
                        "top": 0,
                      }
                    }
                  >
                    <Text
                      style={
                        Object {
                          "color": "#fff",
                          "fontSize": 28,
                          "fontWeight": "bold",
                        }
                      }
                    >
                      Junior
                    </Text>
                    <Text
                      style={
                        Object {
                          "color": "#fff",
                          "fontSize": 16,
                        }
                      }
                    >
                      Programs
                    </Text>
                  </View>
                </View>
              </View>
              <View
                accessible={true}
                focusable={true}
                onClick={[Function]}
                onResponderGrant={[Function]}
                onResponderMove={[Function]}
                onResponderRelease={[Function]}
                onResponderTerminate={[Function]}
                onResponderTerminationRequest={[Function]}
                onStartShouldSetResponder={[Function]}
                style={
                  Object {
                    "flexBasis": "25%",
                    "flexGrow": 1,
                    "marginBottom": 5,
                    "width": "50%",
                  }
                }
              >
                <View
                  accessibilityIgnoresInvertColors={true}
                  style={
                    Object {
                      "height": "100%",
                    }
                  }
                >
                  <Image
                    source={1}
                    style={
                      Array [
                        Object {
                          "bottom": 0,
                          "left": 0,
                          "position": "absolute",
                          "right": 0,
                          "top": 0,
                        },
                        Object {
                          "height": "100%",
                          "width": undefined,
                        },
                        undefined,
                      ]
                    }
                  />
                  <View
                    style={
                      Object {
                        "alignItems": "flex-end",
                        "bottom": 0,
                        "justifyContent": "center",
                        "left": 0,
                        "padding": 20,
                        "position": "absolute",
                        "right": 0,
                        "top": 0,
                      }
                    }
                  >
                    <Text
                      style={
                        Object {
                          "color": "#fff",
                          "fontSize": 28,
                          "fontWeight": "bold",
                          "textAlign": "right",
                        }
                      }
                    >
                      Senior
                    </Text>
                    <Text
                      style={
                        Object {
                          "color": "#fff",
                          "fontSize": 16,
                          "textAlign": "right",
                        }
                      }
                    >
                      Programs
                    </Text>
                  </View>
                </View>
              </View>
            </View>
            <View
              accessible={true}
              focusable={true}
              onClick={[Function]}
              onResponderGrant={[Function]}
              onResponderMove={[Function]}
              onResponderRelease={[Function]}
              onResponderTerminate={[Function]}
              onResponderTerminationRequest={[Function]}
              onStartShouldSetResponder={[Function]}
              style={
                Object {
                  "flexBasis": "25%",
                  "flexGrow": 1,
                  "marginBottom": 5,
                }
              }
            >
              <View
                accessibilityIgnoresInvertColors={true}
                style={
                  Object {
                    "height": "100%",
                  }
                }
              >
                <Image
                  source={1}
                  style={
                    Array [
                      Object {
                        "bottom": 0,
                        "left": 0,
                        "position": "absolute",
                        "right": 0,
                        "top": 0,
                      },
                      Object {
                        "height": "100%",
                        "width": undefined,
                      },
                      undefined,
                    ]
                  }
                />
                <View
                  style={
                    Object {
                      "alignItems": "flex-start",
                      "bottom": 0,
                      "justifyContent": "center",
                      "left": 0,
                      "padding": 20,
                      "position": "absolute",
                      "right": 0,
                      "top": 0,
                    }
                  }
                >
                  <Text
                    style={
                      Object {
                        "color": "#fff",
                        "fontSize": 28,
                        "fontWeight": "bold",
                      }
                    }
                  >
                    My Playbook
                  </Text>
                </View>
              </View>
            </View>
          </View>
        </View>
      </View>
    </View>
    <View
      collapsable={false}
      onLayout={[Function]}
      pointerEvents="none"
      style={
        Object {
          "backgroundColor": "#232b2b",
          "bottom": 0,
          "elevation": 4,
          "left": 0,
          "position": null,
          "right": 0,
          "shadowColor": "#000000",
          "shadowOffset": Object {
            "height": 3,
            "width": 0,
          },
          "shadowOpacity": 0.24,
          "shadowRadius": 4,
          "transform": Array [
            Object {
              "translateY": 0,
            },
          ],
        }
      }
    >
      <View
        collapsable={false}
        style={
          Object {
            "alignItems": "center",
            "backgroundColor": "#232b2b",
            "overflow": "hidden",
          }
        }
      >
        <View
          accessibilityRole="tablist"
          style={
            Array [
              Object {
                "flexDirection": "row",
              },
              Object {
                "marginBottom": 0,
                "marginHorizontal": 0,
                "maxWidth": 504,
              },
            ]
          }
        >
          <View
            accessibilityRole="button"
            accessibilityState={
              Object {
                "selected": true,
              }
            }
            accessible={true}
            focusable={true}
            onClick={[Function]}
            onResponderGrant={[Function]}
            onResponderMove={[Function]}
            onResponderRelease={[Function]}
            onResponderTerminate={[Function]}
            onResponderTerminationRequest={[Function]}
            onStartShouldSetResponder={[Function]}
            style={
              Object {
                "flex": 1,
                "paddingVertical": 6,
              }
            }
          >
            <View
              pointerEvents="none"
            >
              <View
                collapsable={false}
                style={
                  Object {
                    "alignSelf": "center",
                    "height": 24,
                    "marginHorizontal": 12,
                    "marginTop": 2,
                    "transform": Array [
                      Object {
                        "translateY": 0,
                      },
                    ],
                    "width": 24,
                  }
                }
              >
                <View
                  collapsable={false}
                  style={
                    Object {
                      "alignItems": "center",
                      "bottom": 0,
                      "left": 0,
                      "opacity": 1,
                      "position": "absolute",
                      "right": 0,
                      "top": 0,
                    }
                  }
                >
                  <Text
                    allowFontScaling={false}
                    selectable={false}
                    style={
                      Array [
                        Object {
                          "color": "#fff",
                          "fontSize": 22,
                        },
                        undefined,
                        Object {
                          "fontFamily": "ionicons",
                          "fontStyle": "normal",
                          "fontWeight": "normal",
                        },
                        Object {},
                      ]
                    }
                  >
                    
                  </Text>
                </View>
                <View
                  collapsable={false}
                  style={
                    Object {
                      "alignItems": "center",
                      "bottom": 0,
                      "left": 0,
                      "opacity": 0,
                      "position": "absolute",
                      "right": 0,
                      "top": 0,
                    }
                  }
                >
                  <Text
                    allowFontScaling={false}
                    selectable={false}
                    style={
                      Array [
                        Object {
                          "color": "#A6A6A6",
                          "fontSize": 22,
                        },
                        undefined,
                        Object {
                          "fontFamily": "ionicons",
                          "fontStyle": "normal",
                          "fontWeight": "normal",
                        },
                        Object {},
                      ]
                    }
                  >
                    
                  </Text>
                </View>
                <View
                  style={
                    Array [
                      Object {
                        "left": 0,
                        "position": "absolute",
                        "top": -2,
                      },
                      Object {
                        "right": -2,
                      },
                    ]
                  }
                >
                  <Text
                    collapsable={false}
                    numberOfLines={1}
                    style={
                      Object {
                        "alignSelf": "flex-end",
                        "backgroundColor": "#f50057",
                        "borderRadius": 8,
                        "color": "#ffffff",
                        "fontFamily": "System",
                        "fontSize": 8,
                        "fontWeight": "400",
                        "height": 16,
                        "lineHeight": 16,
                        "minWidth": 16,
                        "opacity": 0,
                        "overflow": "hidden",
                        "paddingHorizontal": 4,
                        "textAlign": "center",
                        "textAlignVertical": "center",
                      }
                    }
                  />
                </View>
              </View>
              <View
                collapsable={false}
                style={
                  Object {
                    "height": 16,
                    "paddingBottom": 2,
                    "transform": Array [
                      Object {
                        "scale": 1,
                      },
                    ],
                  }
                }
              >
                <View
                  collapsable={false}
                  style={
                    Object {
                      "bottom": 0,
                      "left": 0,
                      "opacity": 1,
                      "position": "absolute",
                      "right": 0,
                      "top": 0,
                    }
                  }
                >
                  <Text
                    maxFontSizeMultiplier={1}
                    style={
                      Array [
                        Object {
                          "color": "#000000",
                          "fontFamily": "System",
                          "fontWeight": "400",
                        },
                        Object {
                          "textAlign": "left",
                        },
                        Array [
                          Object {
                            "backgroundColor": "transparent",
                            "fontSize": 12,
                            "height": 56,
                            "textAlign": "center",
                          },
                          Object {
                            "color": "#fff",
                          },
                        ],
                      ]
                    }
                  >
                    Frisbee
                  </Text>
                </View>
                <View
                  collapsable={false}
                  style={
                    Object {
                      "bottom": 0,
                      "left": 0,
                      "opacity": 0,
                      "position": "absolute",
                      "right": 0,
                      "top": 0,
                    }
                  }
                >
                  <Text
                    maxFontSizeMultiplier={1}
                    selectable={false}
                    style={
                      Array [
                        Object {
                          "color": "#000000",
                          "fontFamily": "System",
                          "fontWeight": "400",
                        },
                        Object {
                          "textAlign": "left",
                        },
                        Array [
                          Object {
                            "backgroundColor": "transparent",
                            "fontSize": 12,
                            "height": 56,
                            "textAlign": "center",
                          },
                          Object {
                            "color": "#A6A6A6",
                          },
                        ],
                      ]
                    }
                  >
                    Frisbee
                  </Text>
                </View>
              </View>
            </View>
          </View>
          <View
            accessibilityRole="button"
            accessibilityState={
              Object {
                "selected": false,
              }
            }
            accessible={true}
            focusable={true}
            onClick={[Function]}
            onResponderGrant={[Function]}
            onResponderMove={[Function]}
            onResponderRelease={[Function]}
            onResponderTerminate={[Function]}
            onResponderTerminationRequest={[Function]}
            onStartShouldSetResponder={[Function]}
            style={
              Object {
                "flex": 1,
                "paddingVertical": 6,
              }
            }
          >
            <View
              pointerEvents="none"
            >
              <View
                collapsable={false}
                style={
                  Object {
                    "alignSelf": "center",
                    "height": 24,
                    "marginHorizontal": 12,
                    "marginTop": 2,
                    "transform": Array [
                      Object {
                        "translateY": 0,
                      },
                    ],
                    "width": 24,
                  }
                }
              >
                <View
                  collapsable={false}
                  style={
                    Object {
                      "alignItems": "center",
                      "bottom": 0,
                      "left": 0,
                      "opacity": 0,
                      "position": "absolute",
                      "right": 0,
                      "top": 0,
                    }
                  }
                >
                  <Text
                    allowFontScaling={false}
                    selectable={false}
                    style={
                      Array [
                        Object {
                          "color": "#fff",
                          "fontSize": 22,
                        },
                        undefined,
                        Object {
                          "fontFamily": "ionicons",
                          "fontStyle": "normal",
                          "fontWeight": "normal",
                        },
                        Object {},
                      ]
                    }
                  >
                    
                  </Text>
                </View>
                <View
                  collapsable={false}
                  style={
                    Object {
                      "alignItems": "center",
                      "bottom": 0,
                      "left": 0,
                      "opacity": 1,
                      "position": "absolute",
                      "right": 0,
                      "top": 0,
                    }
                  }
                >
                  <Text
                    allowFontScaling={false}
                    selectable={false}
                    style={
                      Array [
                        Object {
                          "color": "#A6A6A6",
                          "fontSize": 22,
                        },
                        undefined,
                        Object {
                          "fontFamily": "ionicons",
                          "fontStyle": "normal",
                          "fontWeight": "normal",
                        },
                        Object {},
                      ]
                    }
                  >
                    
                  </Text>
                </View>
                <View
                  style={
                    Array [
                      Object {
                        "left": 0,
                        "position": "absolute",
                        "top": -2,
                      },
                      Object {
                        "right": -2,
                      },
                    ]
                  }
                >
                  <Text
                    collapsable={false}
                    numberOfLines={1}
                    style={
                      Object {
                        "alignSelf": "flex-end",
                        "backgroundColor": "#f50057",
                        "borderRadius": 8,
                        "color": "#ffffff",
                        "fontFamily": "System",
                        "fontSize": 8,
                        "fontWeight": "400",
                        "height": 16,
                        "lineHeight": 16,
                        "minWidth": 16,
                        "opacity": 0,
                        "overflow": "hidden",
                        "paddingHorizontal": 4,
                        "textAlign": "center",
                        "textAlignVertical": "center",
                      }
                    }
                  />
                </View>
              </View>
              <View
                collapsable={false}
                style={
                  Object {
                    "height": 16,
                    "paddingBottom": 2,
                    "transform": Array [
                      Object {
                        "scale": 1,
                      },
                    ],
                  }
                }
              >
                <View
                  collapsable={false}
                  style={
                    Object {
                      "bottom": 0,
                      "left": 0,
                      "opacity": 0,
                      "position": "absolute",
                      "right": 0,
                      "top": 0,
                    }
                  }
                >
                  <Text
                    maxFontSizeMultiplier={1}
                    style={
                      Array [
                        Object {
                          "color": "#000000",
                          "fontFamily": "System",
                          "fontWeight": "400",
                        },
                        Object {
                          "textAlign": "left",
                        },
                        Array [
                          Object {
                            "backgroundColor": "transparent",
                            "fontSize": 12,
                            "height": 56,
                            "textAlign": "center",
                          },
                          Object {
                            "color": "#fff",
                          },
                        ],
                      ]
                    }
                  >
                    Fitness
                  </Text>
                </View>
                <View
                  collapsable={false}
                  style={
                    Object {
                      "bottom": 0,
                      "left": 0,
                      "opacity": 1,
                      "position": "absolute",
                      "right": 0,
                      "top": 0,
                    }
                  }
                >
                  <Text
                    maxFontSizeMultiplier={1}
                    selectable={false}
                    style={
                      Array [
                        Object {
                          "color": "#000000",
                          "fontFamily": "System",
                          "fontWeight": "400",
                        },
                        Object {
                          "textAlign": "left",
                        },
                        Array [
                          Object {
                            "backgroundColor": "transparent",
                            "fontSize": 12,
                            "height": 56,
                            "textAlign": "center",
                          },
                          Object {
                            "color": "#A6A6A6",
                          },
                        ],
                      ]
                    }
                  >
                    Fitness
                  </Text>
                </View>
              </View>
            </View>
          </View>
          <View
            accessibilityRole="button"
            accessibilityState={
              Object {
                "selected": false,
              }
            }
            accessible={true}
            focusable={true}
            onClick={[Function]}
            onResponderGrant={[Function]}
            onResponderMove={[Function]}
            onResponderRelease={[Function]}
            onResponderTerminate={[Function]}
            onResponderTerminationRequest={[Function]}
            onStartShouldSetResponder={[Function]}
            style={
              Object {
                "flex": 1,
                "paddingVertical": 6,
              }
            }
          >
            <View
              pointerEvents="none"
            >
              <View
                collapsable={false}
                style={
                  Object {
                    "alignSelf": "center",
                    "height": 24,
                    "marginHorizontal": 12,
                    "marginTop": 2,
                    "transform": Array [
                      Object {
                        "translateY": 0,
                      },
                    ],
                    "width": 24,
                  }
                }
              >
                <View
                  collapsable={false}
                  style={
                    Object {
                      "alignItems": "center",
                      "bottom": 0,
                      "left": 0,
                      "opacity": 0,
                      "position": "absolute",
                      "right": 0,
                      "top": 0,
                    }
                  }
                >
                  <Text
                    allowFontScaling={false}
                    selectable={false}
                    style={
                      Array [
                        Object {
                          "color": "#fff",
                          "fontSize": 22,
                        },
                        undefined,
                        Object {
                          "fontFamily": "material-community",
                          "fontStyle": "normal",
                          "fontWeight": "normal",
                        },
                        Object {},
                      ]
                    }
                  >
                    󱉟
                  </Text>
                </View>
                <View
                  collapsable={false}
                  style={
                    Object {
                      "alignItems": "center",
                      "bottom": 0,
                      "left": 0,
                      "opacity": 1,
                      "position": "absolute",
                      "right": 0,
                      "top": 0,
                    }
                  }
                >
                  <Text
                    allowFontScaling={false}
                    selectable={false}
                    style={
                      Array [
                        Object {
                          "color": "#A6A6A6",
                          "fontSize": 22,
                        },
                        undefined,
                        Object {
                          "fontFamily": "material-community",
                          "fontStyle": "normal",
                          "fontWeight": "normal",
                        },
                        Object {},
                      ]
                    }
                  >
                    󱉟
                  </Text>
                </View>
                <View
                  style={
                    Array [
                      Object {
                        "left": 0,
                        "position": "absolute",
                        "top": -2,
                      },
                      Object {
                        "right": -2,
                      },
                    ]
                  }
                >
                  <Text
                    collapsable={false}
                    numberOfLines={1}
                    style={
                      Object {
                        "alignSelf": "flex-end",
                        "backgroundColor": "#f50057",
                        "borderRadius": 8,
                        "color": "#ffffff",
                        "fontFamily": "System",
                        "fontSize": 8,
                        "fontWeight": "400",
                        "height": 16,
                        "lineHeight": 16,
                        "minWidth": 16,
                        "opacity": 0,
                        "overflow": "hidden",
                        "paddingHorizontal": 4,
                        "textAlign": "center",
                        "textAlignVertical": "center",
                      }
                    }
                  />
                </View>
              </View>
              <View
                collapsable={false}
                style={
                  Object {
                    "height": 16,
                    "paddingBottom": 2,
                    "transform": Array [
                      Object {
                        "scale": 1,
                      },
                    ],
                  }
                }
              >
                <View
                  collapsable={false}
                  style={
                    Object {
                      "bottom": 0,
                      "left": 0,
                      "opacity": 0,
                      "position": "absolute",
                      "right": 0,
                      "top": 0,
                    }
                  }
                >
                  <Text
                    maxFontSizeMultiplier={1}
                    style={
                      Array [
                        Object {
                          "color": "#000000",
                          "fontFamily": "System",
                          "fontWeight": "400",
                        },
                        Object {
                          "textAlign": "left",
                        },
                        Array [
                          Object {
                            "backgroundColor": "transparent",
                            "fontSize": 12,
                            "height": 56,
                            "textAlign": "center",
                          },
                          Object {
                            "color": "#fff",
                          },
                        ],
                      ]
                    }
                  >
                    Theory
                  </Text>
                </View>
                <View
                  collapsable={false}
                  style={
                    Object {
                      "bottom": 0,
                      "left": 0,
                      "opacity": 1,
                      "position": "absolute",
                      "right": 0,
                      "top": 0,
                    }
                  }
                >
                  <Text
                    maxFontSizeMultiplier={1}
                    selectable={false}
                    style={
                      Array [
                        Object {
                          "color": "#000000",
                          "fontFamily": "System",
                          "fontWeight": "400",
                        },
                        Object {
                          "textAlign": "left",
                        },
                        Array [
                          Object {
                            "backgroundColor": "transparent",
                            "fontSize": 12,
                            "height": 56,
                            "textAlign": "center",
                          },
                          Object {
                            "color": "#A6A6A6",
                          },
                        ],
                      ]
                    }
                  >
                    Theory
                  </Text>
                </View>
              </View>
            </View>
          </View>
        </View>
      </View>
    </View>
  </View>
</RNCSafeAreaProvider>
`;
