// Jest Snapshot v1, https://goo.gl/fbAQLP

exports[`<TacticsPage /> renders correctly 1`] = `
<View
  style={
    Object {
      "backgroundColor": "#fff",
      "height": "100%",
    }
  }
>
  <View
    style={
      Object {
        "alignItems": "center",
        "borderBottomColor": "#e5e5e5",
        "borderBottomWidth": 2,
        "flexDirection": "row",
        "height": 70,
        "padding": 10,
      }
    }
  >
    <Text
      style={
        Object {
          "fontSize": 16,
          "fontWeight": "bold",
        }
      }
    >
      Choose a topic:
    </Text>
    <View
      style={
        Object {
          "flex": 1,
          "marginHorizontal": 20,
        }
      }
    >
      <RNCPicker
        items={
          Array [
            Object {
              "label": "Vertical Stack",
              "testID": undefined,
              "textColor": undefined,
              "value": 0,
            },
            Object {
              "label": "Horizontal Stack",
              "testID": undefined,
              "textColor": undefined,
              "value": 1,
            },
          ]
        }
        numberOfLines={1}
        onChange={[Function]}
        selectedIndex={1}
        style={
          Array [
            Object {
              "height": 216,
            },
            Object {
              "fontSize": 14,
            },
          ]
        }
      />
    </View>
  </View>
  <RCTScrollView
    data={
      Array [
        Object {
          "id": 1,
          "text": "That Drone Guy Ty",
          "title": "How does vertical stacks work?",
          "video": "424002454",
          "youtube": "https://youtu.be/CqpPfVZ1HeI",
        },
      ]
    }
    disableVirtualization={false}
    getItem={[Function]}
    getItemCount={[Function]}
    horizontal={false}
    initialNumToRender={10}
    keyExtractor={[Function]}
    maxToRenderPerBatch={10}
    onContentSizeChange={[Function]}
    onEndReachedThreshold={2}
    onLayout={[Function]}
    onMomentumScrollEnd={[Function]}
    onScroll={[Function]}
    onScrollBeginDrag={[Function]}
    onScrollEndDrag={[Function]}
    removeClippedSubviews={false}
    renderItem={[Function]}
    scrollEventThrottle={50}
    stickyHeaderIndices={Array []}
    style={
      Object {
        "backgroundColor": "#fff",
      }
    }
    updateCellsBatchingPeriod={50}
    viewabilityConfigCallbackPairs={Array []}
    windowSize={21}
  >
    <View>
      <View
        onLayout={[Function]}
        style={null}
      >
        <View
          accessible={true}
          focusable={true}
          onClick={[Function]}
          onResponderGrant={[Function]}
          onResponderMove={[Function]}
          onResponderRelease={[Function]}
          onResponderTerminate={[Function]}
          onResponderTerminationRequest={[Function]}
          onStartShouldSetResponder={[Function]}
          style={
            Object {
              "opacity": 1,
            }
          }
        >
          <View
            style={
              Object {
                "borderBottomColor": "#e5e5e5",
                "borderBottomWidth": 1,
              }
            }
          >
            <Text
              style={
                Object {
                  "fontSize": 16,
                  "fontWeight": "bold",
                  "paddingLeft": 10,
                  "paddingVertical": 15,
                }
              }
            >
              How does vertical stacks work?
            </Text>
            <View
              accessibilityIgnoresInvertColors={true}
              style={
                Object {
                  "height": 250,
                }
              }
            >
              <Image
                source={
                  Object {
                    "uri": undefined,
                  }
                }
                style={
                  Array [
                    Object {
                      "bottom": 0,
                      "left": 0,
                      "position": "absolute",
                      "right": 0,
                      "top": 0,
                    },
                    Object {
                      "height": 250,
                      "width": undefined,
                    },
                    undefined,
                  ]
                }
              />
              <View
                style={
                  Object {
                    "backgroundColor": "#232b2b",
                    "bottom": 10,
                    "paddingHorizontal": 5,
                    "position": "absolute",
                    "right": 5,
                  }
                }
              >
                <Text
                  style={
                    Object {
                      "color": "#fff",
                      "fontSize": 16,
                    }
                  }
                />
              </View>
            </View>
            <Text
              style={
                Object {
                  "fontSize": 14,
                  "paddingLeft": 10,
                  "paddingVertical": 15,
                  "textAlign": "center",
                }
              }
            >
              That Drone Guy Ty
            </Text>
          </View>
        </View>
      </View>
    </View>
  </RCTScrollView>
</View>
`;
