// Jest Snapshot v1, https://goo.gl/fbAQLP

exports[`<ProgramList /> renders correctly 1`] = `
<RCTScrollView
  style={
    Object {
      "height": "100%",
    }
  }
>
  <View>
    <View
      style={
        Object {
          "marginBottom": 10,
        }
      }
    >
      <View
        style={Object {}}
      >
        <View
          accessibilityState={
            Object {
              "expanded": false,
            }
          }
          accessible={true}
          collapsable={false}
          focusable={true}
          onClick={[Function]}
          onResponderGrant={[Function]}
          onResponderMove={[Function]}
          onResponderRelease={[Function]}
          onResponderTerminate={[Function]}
          onResponderTerminationRequest={[Function]}
          onStartShouldSetResponder={[Function]}
          style={
            Object {
              "opacity": 1,
            }
          }
        >
          <View
            style={
              Object {
                "backgroundColor": "#fff",
                "elevation": 3,
                "marginTop": 10,
                "padding": 10,
                "shadowOffset": Object {
                  "height": 1,
                  "width": 0,
                },
                "shadowOpacity": 0.3,
                "shadowRadius": 3,
              }
            }
          >
            <View
              style={
                Object {
                  "alignItems": "flex-start",
                  "backgroundColor": "#fff",
                  "minHeight": 40,
                  "paddingBottom": 10,
                  "paddingHorizontal": 20,
                  "width": "100%",
                }
              }
            >
              <View
                style={
                  Object {
                    "alignItems": "center",
                    "flex": 1,
                    "flexDirection": "row",
                    "justifyContent": "space-between",
                    "width": "100%",
                  }
                }
              >
                <Text
                  style={
                    Object {
                      "color": "#232b2b",
                      "fontSize": 20,
                      "fontWeight": "bold",
                    }
                  }
                >
                  Program 1
                </Text>
                <Text
                  style={
                    Object {
                      "color": "#232b2b",
                      "fontSize": 14,
                      "textAlign": "right",
                    }
                  }
                >
                  0/1
                </Text>
              </View>
              <View
                style={
                  Object {
                    "backgroundColor": "#f1f1f1",
                    "borderRadius": 2,
                    "height": 3,
                    "marginTop": 5,
                    "width": "100%",
                  }
                }
              >
                <View
                  style={
                    Array [
                      Object {
                        "bottom": 0,
                        "left": 0,
                        "position": "absolute",
                        "right": 0,
                        "top": 0,
                      },
                      Object {
                        "backgroundColor": "#2a9e91",
                        "borderRadius": 5,
                        "width": "50%",
                      },
                      Object {
                        "width": "0%",
                      },
                    ]
                  }
                />
              </View>
            </View>
          </View>
        </View>
        <View
          collapsable={false}
          pointerEvents="none"
          style={
            Object {
              "height": 0,
              "overflow": "hidden",
            }
          }
        >
          <View
            collapsable={false}
            forwardedRef={[Function]}
            onLayout={[Function]}
            style={Object {}}
          >
            <View
              accessible={true}
              collapsable={false}
              focusable={true}
              onClick={[Function]}
              onResponderGrant={[Function]}
              onResponderMove={[Function]}
              onResponderRelease={[Function]}
              onResponderTerminate={[Function]}
              onResponderTerminationRequest={[Function]}
              onStartShouldSetResponder={[Function]}
              style={
                Object {
                  "alignItems": "center",
                  "backgroundColor": "#fff",
                  "borderBottomColor": "#e5e5e5",
                  "borderBottomWidth": 1,
                  "flexDirection": "row",
                  "justifyContent": "space-between",
                  "opacity": 1,
                  "padding": 10,
                  "paddingLeft": 30,
                }
              }
            >
              <View
                style={
                  Object {
                    "flexBasis": "80%",
                  }
                }
              >
                <Text
                  style={
                    Object {
                      "color": "#232b2b",
                      "fontSize": 16,
                      "fontWeight": "bold",
                    }
                  }
                >
                  1
                   - 
                  First practice
                </Text>
                <Text
                  style={
                    Object {
                      "color": "#232b2b",
                      "fontSize": 14,
                    }
                  }
                >
                  This training session aims at..
                </Text>
              </View>
              <View
                style={
                  Object {
                    "alignItems": "center",
                    "flexBasis": "20%",
                    "flexDirection": "row",
                    "justifyContent": "flex-end",
                  }
                }
              >
                <Text />
              </View>
            </View>
          </View>
        </View>
      </View>
      <View
        style={Object {}}
      >
        <View
          accessibilityState={
            Object {
              "expanded": false,
            }
          }
          accessible={true}
          collapsable={false}
          focusable={true}
          onClick={[Function]}
          onResponderGrant={[Function]}
          onResponderMove={[Function]}
          onResponderRelease={[Function]}
          onResponderTerminate={[Function]}
          onResponderTerminationRequest={[Function]}
          onStartShouldSetResponder={[Function]}
          style={
            Object {
              "opacity": 1,
            }
          }
        >
          <View
            style={
              Object {
                "backgroundColor": "#fff",
                "elevation": 3,
                "marginTop": 10,
                "padding": 10,
                "shadowOffset": Object {
                  "height": 1,
                  "width": 0,
                },
                "shadowOpacity": 0.3,
                "shadowRadius": 3,
              }
            }
          >
            <View
              style={
                Object {
                  "alignItems": "flex-start",
                  "backgroundColor": "#fff",
                  "minHeight": 40,
                  "paddingBottom": 10,
                  "paddingHorizontal": 20,
                  "width": "100%",
                }
              }
            >
              <View
                style={
                  Object {
                    "alignItems": "center",
                    "flex": 1,
                    "flexDirection": "row",
                    "justifyContent": "space-between",
                    "width": "100%",
                  }
                }
              >
                <Text
                  style={
                    Object {
                      "color": "#232b2b",
                      "fontSize": 20,
                      "fontWeight": "bold",
                    }
                  }
                >
                  Program 2
                </Text>
                <Text
                  style={
                    Object {
                      "color": "#232b2b",
                      "fontSize": 14,
                      "textAlign": "right",
                    }
                  }
                >
                  0/2
                </Text>
              </View>
              <View
                style={
                  Object {
                    "backgroundColor": "#f1f1f1",
                    "borderRadius": 2,
                    "height": 3,
                    "marginTop": 5,
                    "width": "100%",
                  }
                }
              >
                <View
                  style={
                    Array [
                      Object {
                        "bottom": 0,
                        "left": 0,
                        "position": "absolute",
                        "right": 0,
                        "top": 0,
                      },
                      Object {
                        "backgroundColor": "#2a9e91",
                        "borderRadius": 5,
                        "width": "50%",
                      },
                      Object {
                        "width": "0%",
                      },
                    ]
                  }
                />
              </View>
            </View>
          </View>
        </View>
        <View
          collapsable={false}
          pointerEvents="none"
          style={
            Object {
              "height": 0,
              "overflow": "hidden",
            }
          }
        >
          <View
            collapsable={false}
            forwardedRef={[Function]}
            onLayout={[Function]}
            style={Object {}}
          >
            <View
              accessible={true}
              collapsable={false}
              focusable={true}
              onClick={[Function]}
              onResponderGrant={[Function]}
              onResponderMove={[Function]}
              onResponderRelease={[Function]}
              onResponderTerminate={[Function]}
              onResponderTerminationRequest={[Function]}
              onStartShouldSetResponder={[Function]}
              style={
                Object {
                  "alignItems": "center",
                  "backgroundColor": "#fff",
                  "borderBottomColor": "#e5e5e5",
                  "borderBottomWidth": 1,
                  "flexDirection": "row",
                  "justifyContent": "space-between",
                  "opacity": 1,
                  "padding": 10,
                  "paddingLeft": 30,
                }
              }
            >
              <View
                style={
                  Object {
                    "flexBasis": "80%",
                  }
                }
              >
                <Text
                  style={
                    Object {
                      "color": "#232b2b",
                      "fontSize": 16,
                      "fontWeight": "bold",
                    }
                  }
                >
                  1
                   - 
                  First Training
                </Text>
                <Text
                  style={
                    Object {
                      "color": "#232b2b",
                      "fontSize": 14,
                    }
                  }
                >
                  This training session aims at..
                </Text>
              </View>
              <View
                style={
                  Object {
                    "alignItems": "center",
                    "flexBasis": "20%",
                    "flexDirection": "row",
                    "justifyContent": "flex-end",
                  }
                }
              >
                <Text />
              </View>
            </View>
            <View
              accessible={true}
              collapsable={false}
              focusable={true}
              onClick={[Function]}
              onResponderGrant={[Function]}
              onResponderMove={[Function]}
              onResponderRelease={[Function]}
              onResponderTerminate={[Function]}
              onResponderTerminationRequest={[Function]}
              onStartShouldSetResponder={[Function]}
              style={
                Object {
                  "alignItems": "center",
                  "backgroundColor": "#fff",
                  "borderBottomColor": "#e5e5e5",
                  "borderBottomWidth": 1,
                  "flexDirection": "row",
                  "justifyContent": "space-between",
                  "opacity": 1,
                  "padding": 10,
                  "paddingLeft": 30,
                }
              }
            >
              <View
                style={
                  Object {
                    "flexBasis": "80%",
                  }
                }
              >
                <Text
                  style={
                    Object {
                      "color": "#232b2b",
                      "fontSize": 16,
                      "fontWeight": "bold",
                    }
                  }
                >
                  2
                   - 
                  Second Training
                </Text>
                <Text
                  style={
                    Object {
                      "color": "#232b2b",
                      "fontSize": 14,
                    }
                  }
                >
                  This training session aims at..
                </Text>
              </View>
              <View
                style={
                  Object {
                    "alignItems": "center",
                    "flexBasis": "20%",
                    "flexDirection": "row",
                    "justifyContent": "flex-end",
                  }
                }
              >
                <Text />
              </View>
            </View>
          </View>
        </View>
      </View>
    </View>
  </View>
</RCTScrollView>
`;
