// Jest Snapshot v1, https://goo.gl/fbAQLP

exports[`<FitnessDrillIllustration /> renders correctly with one step 1`] = `
<View
  style={
    Object {
      "height": 250,
      "marginBottom": 20,
    }
  }
>
  <View
    testID="VimeoVideoMock"
    vimeoId="406746924"
  />
</View>
`;

exports[`<FitnessDrillIllustration /> renders correctly with several steps 1`] = `
<View
  style={
    Object {
      "flex": 1,
      "paddingLeft": 10,
    }
  }
>
  <View
    style={
      Object {
        "flex": 1,
        "flexDirection": "row",
        "padding": 10,
      }
    }
  >
    <Text
      style={
        Object {
          "color": "#232b2b",
          "fontSize": 16,
        }
      }
    >
      • 
      3
       
      First Step
    </Text>
  </View>
  <View
    style={
      Object {
        "flex": 1,
        "flexDirection": "row",
        "padding": 10,
      }
    }
  >
    <Text
      style={
        Object {
          "color": "#232b2b",
          "fontSize": 16,
        }
      }
    >
      • 
      3
       
      Second Step
    </Text>
  </View>
  <View
    style={
      Object {
        "flex": 1,
        "flexDirection": "row",
        "padding": 10,
      }
    }
  >
    <Text
      style={
        Object {
          "color": "#232b2b",
          "fontSize": 16,
        }
      }
    >
      • 
      3
       
      Third Step
    </Text>
  </View>
  <View
    style={
      Object {
        "alignItems": "center",
        "marginVertical": 10,
      }
    }
  >
    <View
      accessible={true}
      focusable={true}
      onClick={[Function]}
      onResponderGrant={[Function]}
      onResponderMove={[Function]}
      onResponderRelease={[Function]}
      onResponderTerminate={[Function]}
      onResponderTerminationRequest={[Function]}
      onStartShouldSetResponder={[Function]}
      style={
        Object {
          "alignItems": "center",
          "backgroundColor": "#2a9e91",
          "borderRadius": 5,
          "flexDirection": "row",
          "height": 40,
          "justifyContent": "center",
          "opacity": 1,
          "paddingHorizontal": 20,
          "paddingVertical": 10,
          "width": "80%",
        }
      }
      testID="startFitness"
    >
      <Text
        style={
          Object {
            "color": "#fff",
            "fontSize": 16,
            "textAlign": "center",
          }
        }
      >
        Start
      </Text>
    </View>
  </View>
</View>
`;
