// Jest Snapshot v1, https://goo.gl/fbAQLP

exports[`<FrisbeeDrillIllustration /> renders correctly 1`] = `
<RCTSafeAreaView
  emulateUnlessSupported={true}
  style={
    Object {
      "flex": 1,
    }
  }
>
  <RCTScrollView
    activeAnimationOptions={null}
    activeAnimationType="timing"
    activeSlideAlignment="center"
    activeSlideOffset={20}
    apparitionDelay={0}
    automaticallyAdjustContentInsets={false}
    autoplay={false}
    autoplayDelay={1000}
    autoplayInterval={3000}
    callbackOffsetMargin={5}
    containerCustomStyle={Object {}}
    contentContainerCustomStyle={Object {}}
    contentContainerStyle={
      Array [
        Object {
          "paddingLeft": 0,
          "paddingRight": 0,
        },
        Object {},
      ]
    }
    data={
      Array [
        Object {
          "id": 0,
          "vimeoId": "462695757",
        },
      ]
    }
    decelerationRate="fast"
    directionalLockEnabled={true}
    disableVirtualization={false}
    enableMomentum={false}
    enableSnap={true}
    firstItem={0}
    forwardedRef={[Function]}
    getItem={[Function]}
    getItemCount={[Function]}
    hasParallaxImages={false}
    horizontal={true}
    inactiveSlideOpacity={0.7}
    inactiveSlideScale={0.9}
    inactiveSlideShift={0}
    initialNumToRender={6}
    invertStickyHeaders={false}
    inverted={false}
    itemWidth={750}
    keyExtractor={[Function]}
    layout="default"
    lockScrollTimeoutDuration={1000}
    lockScrollWhileSnapping={false}
    loop={false}
    loopClonesPerSide={3}
    maxToRenderPerBatch={13}
    onContentSizeChange={[Function]}
    onEndReachedThreshold={2}
    onLayout={[Function]}
    onMomentumScrollEnd={[Function]}
    onResponderRelease={[Function]}
    onScroll={[Function]}
    onScrollBeginDrag={[Function]}
    onScrollEndDrag={[Function]}
    onStartShouldSetResponderCapture={[Function]}
    onTouchEnd={[Function]}
    onTouchStart={[Function]}
    overScrollMode="never"
    pinchGestureEnabled={false}
    removeClippedSubviews={true}
    renderItem={[Function]}
    scrollEnabled={true}
    scrollEventThrottle={1}
    scrollsToTop={false}
    shouldOptimizeUpdates={true}
    showsHorizontalScrollIndicator={false}
    showsVerticalScrollIndicator={false}
    slideStyle={Object {}}
    sliderWidth={750}
    stickyHeaderIndices={Array []}
    style={
      Object {
        "flexDirection": "row",
        "opacity": 0,
        "width": 750,
      }
    }
    swipeThreshold={20}
    updateCellsBatchingPeriod={50}
    useScrollView={false}
    vertical={false}
    viewabilityConfigCallbackPairs={Array []}
    windowSize={13}
  >
    <View>
      <View
        onLayout={[Function]}
        style={
          Array [
            Object {
              "flexDirection": "row",
            },
            null,
          ]
        }
      >
        <View
          pointerEvents="box-none"
          style={
            Object {
              "opacity": 1,
              "transform": Array [
                Object {
                  "scale": 1,
                },
              ],
              "width": 750,
            }
          }
        >
          <View>
            <View
              style={
                Object {
                  "alignItems": "center",
                  "flexDirection": "row",
                  "height": 40,
                  "justifyContent": "space-between",
                  "marginHorizontal": 30,
                }
              }
            >
              <View />
              <Text
                style={
                  Object {
                    "color": "#232b2b",
                    "fontSize": 16,
                    "textAlign": "center",
                  }
                }
              />
              <View />
            </View>
            <View>
              <View
                style={
                  Object {
                    "height": 250,
                  }
                }
              >
                <View
                  testID="VimeoVideoMock"
                  vimeoId="462695757"
                />
              </View>
              <Text
                style={
                  Object {
                    "color": "#232b2b",
                    "fontSize": 16,
                    "margin": 10,
                  }
                }
              />
            </View>
          </View>
        </View>
      </View>
    </View>
  </RCTScrollView>
</RCTSafeAreaView>
`;
