// Jest Snapshot v1, https://goo.gl/fbAQLP

exports[`<StartButton /> renders correctly 1`] = `
<View
  accessible={true}
  focusable={false}
  onClick={[Function]}
  onResponderGrant={[Function]}
  onResponderMove={[Function]}
  onResponderRelease={[Function]}
  onResponderTerminate={[Function]}
  onResponderTerminationRequest={[Function]}
  onStartShouldSetResponder={[Function]}
  style={
    Object {
      "alignItems": "center",
      "backgroundColor": "#2a9e91",
      "borderRadius": 50,
      "height": 100,
      "justifyContent": "center",
      "margin": 20,
      "opacity": 1,
      "width": 100,
    }
  }
  testID="startButton"
>
  <Text
    style={
      Object {
        "color": "#fff",
        "fontSize": 16,
        "fontWeight": "bold",
      }
    }
  >
    OK
  </Text>
</View>
`;
