// Jest Snapshot v1, https://goo.gl/fbAQLP

exports[`<SharePlay /> renders correctly 1`] = `
<View
  accessible={true}
  focusable={true}
  onClick={[Function]}
  onResponderGrant={[Function]}
  onResponderMove={[Function]}
  onResponderRelease={[Function]}
  onResponderTerminate={[Function]}
  onResponderTerminationRequest={[Function]}
  onStartShouldSetResponder={[Function]}
  style={
    Object {
      "opacity": 1,
    }
  }
  testID="shareButton"
>
  <Text
    allowFontScaling={false}
    style={
      Array [
        Object {
          "color": "#fff",
          "fontSize": 30,
        },
        undefined,
        Object {
          "fontFamily": "ionicons",
          "fontStyle": "normal",
          "fontWeight": "normal",
        },
        Object {},
      ]
    }
  >
    ï”˜
  </Text>
</View>
`;
