// Jest Snapshot v1, https://goo.gl/fbAQLP

exports[`<PlayTitle /> renders correctly 1`] = `
<View
  style={
    Array [
      Object {
        "flex": 1,
        "flexDirection": "row",
      },
      undefined,
    ]
  }
>
  <View
    accessible={true}
    collapsable={false}
    focusable={true}
    onClick={[Function]}
    onResponderGrant={[Function]}
    onResponderMove={[Function]}
    onResponderRelease={[Function]}
    onResponderTerminate={[Function]}
    onResponderTerminationRequest={[Function]}
    onStartShouldSetResponder={[Function]}
    style={
      Object {
        "flex": 1,
        "flexBasis": "100%",
        "flexGrow": 1,
        "flexShrink": 1,
        "justifyContent": "center",
        "opacity": 1,
      }
    }
  >
    <Text
      numberOfLines={1}
      style={
        Object {
          "fontSize": 16,
          "fontWeight": "bold",
        }
      }
    >
      
      Square
    </Text>
  </View>
  <View
    accessible={true}
    collapsable={false}
    focusable={true}
    onClick={[Function]}
    onResponderGrant={[Function]}
    onResponderMove={[Function]}
    onResponderRelease={[Function]}
    onResponderTerminate={[Function]}
    onResponderTerminationRequest={[Function]}
    onStartShouldSetResponder={[Function]}
    style={
      Object {
        "alignItems": "center",
        "justifyContent": "center",
        "opacity": 1,
        "padding": 10,
      }
    }
    testID="edit"
  >
    <Text />
  </View>
  <View
    accessible={true}
    collapsable={false}
    focusable={true}
    onClick={[Function]}
    onResponderGrant={[Function]}
    onResponderMove={[Function]}
    onResponderRelease={[Function]}
    onResponderTerminate={[Function]}
    onResponderTerminationRequest={[Function]}
    onStartShouldSetResponder={[Function]}
    style={
      Object {
        "alignItems": "center",
        "justifyContent": "center",
        "opacity": 1,
        "padding": 10,
      }
    }
    testID="delete"
  >
    <Text />
  </View>
</View>
`;

exports[`<PlayTitle /> renders correctly when safe mode 1`] = `
<View
  style={
    Array [
      Object {
        "flex": 1,
        "flexDirection": "row",
      },
      undefined,
    ]
  }
>
  <View
    accessible={true}
    collapsable={false}
    focusable={false}
    onClick={[Function]}
    onResponderGrant={[Function]}
    onResponderMove={[Function]}
    onResponderRelease={[Function]}
    onResponderTerminate={[Function]}
    onResponderTerminationRequest={[Function]}
    onStartShouldSetResponder={[Function]}
    style={
      Object {
        "flex": 1,
        "flexBasis": "100%",
        "flexGrow": 1,
        "flexShrink": 1,
        "justifyContent": "center",
        "opacity": 1,
      }
    }
  >
    <Text
      numberOfLines={1}
      style={
        Object {
          "fontSize": 16,
          "fontWeight": "bold",
        }
      }
    >
      
      Square
    </Text>
  </View>
  <View
    accessible={true}
    collapsable={false}
    focusable={true}
    onClick={[Function]}
    onResponderGrant={[Function]}
    onResponderMove={[Function]}
    onResponderRelease={[Function]}
    onResponderTerminate={[Function]}
    onResponderTerminationRequest={[Function]}
    onStartShouldSetResponder={[Function]}
    style={
      Object {
        "alignItems": "center",
        "justifyContent": "center",
        "opacity": 1,
        "padding": 10,
      }
    }
    testID="edit"
  >
    <Text
      allowFontScaling={false}
      selectable={false}
      style={
        Array [
          Object {
            "color": undefined,
            "fontSize": 12,
          },
          Object {
            "color": "#232b2b",
            "fontSize": 20,
          },
          Object {
            "fontFamily": "material-community",
            "fontStyle": "normal",
            "fontWeight": "normal",
          },
          Object {},
        ]
      }
    >
      󰏫
    </Text>
  </View>
</View>
`;

exports[`<PlayTitle /> renders correctly when unsaved 1`] = `
<View
  style={
    Array [
      Object {
        "flex": 1,
        "flexDirection": "row",
      },
      undefined,
    ]
  }
>
  <View
    accessible={true}
    collapsable={false}
    focusable={false}
    onClick={[Function]}
    onResponderGrant={[Function]}
    onResponderMove={[Function]}
    onResponderRelease={[Function]}
    onResponderTerminate={[Function]}
    onResponderTerminationRequest={[Function]}
    onStartShouldSetResponder={[Function]}
    style={
      Object {
        "flex": 1,
        "flexBasis": "100%",
        "flexGrow": 1,
        "flexShrink": 1,
        "justifyContent": "center",
        "opacity": 1,
      }
    }
  >
    <Text
      numberOfLines={1}
      style={
        Object {
          "fontSize": 16,
          "fontWeight": "bold",
        }
      }
    >
      * 
      Square
    </Text>
  </View>
  <View
    accessible={true}
    collapsable={false}
    focusable={true}
    onClick={[Function]}
    onResponderGrant={[Function]}
    onResponderMove={[Function]}
    onResponderRelease={[Function]}
    onResponderTerminate={[Function]}
    onResponderTerminationRequest={[Function]}
    onStartShouldSetResponder={[Function]}
    style={
      Object {
        "alignItems": "center",
        "justifyContent": "center",
        "opacity": 1,
        "padding": 10,
      }
    }
    testID="edit"
  >
    <Text
      allowFontScaling={false}
      selectable={false}
      style={
        Array [
          Object {
            "color": undefined,
            "fontSize": 12,
          },
          Object {
            "color": "#232b2b",
            "fontSize": 20,
          },
          Object {
            "fontFamily": "material-community",
            "fontStyle": "normal",
            "fontWeight": "normal",
          },
          Object {},
        ]
      }
    >
      󰏫
    </Text>
  </View>
  <View
    accessible={true}
    collapsable={false}
    focusable={true}
    onClick={[Function]}
    onResponderGrant={[Function]}
    onResponderMove={[Function]}
    onResponderRelease={[Function]}
    onResponderTerminate={[Function]}
    onResponderTerminationRequest={[Function]}
    onStartShouldSetResponder={[Function]}
    style={
      Object {
        "alignItems": "center",
        "justifyContent": "center",
        "opacity": 1,
        "padding": 10,
      }
    }
    testID="delete"
  >
    <Text
      allowFontScaling={false}
      selectable={false}
      style={
        Array [
          Object {
            "color": undefined,
            "fontSize": 12,
          },
          Object {
            "color": "#232b2b",
            "fontSize": 20,
          },
          Object {
            "fontFamily": "material-community",
            "fontStyle": "normal",
            "fontWeight": "normal",
          },
          Object {},
        ]
      }
    >
      󰩹
    </Text>
  </View>
</View>
`;

exports[`<PlayTitle /> renders correctly with custom style 1`] = `
<View
  style={
    Array [
      Object {
        "flex": 1,
        "flexDirection": "row",
      },
      Object {
        "backgroundColor": "cyan",
      },
    ]
  }
>
  <View
    accessible={true}
    collapsable={false}
    focusable={false}
    onClick={[Function]}
    onResponderGrant={[Function]}
    onResponderMove={[Function]}
    onResponderRelease={[Function]}
    onResponderTerminate={[Function]}
    onResponderTerminationRequest={[Function]}
    onStartShouldSetResponder={[Function]}
    style={
      Object {
        "flex": 1,
        "flexBasis": "100%",
        "flexGrow": 1,
        "flexShrink": 1,
        "justifyContent": "center",
        "opacity": 1,
      }
    }
  >
    <Text
      numberOfLines={1}
      style={
        Object {
          "fontSize": 16,
          "fontWeight": "bold",
        }
      }
    >
      
      Square
    </Text>
  </View>
  <View
    accessible={true}
    collapsable={false}
    focusable={true}
    onClick={[Function]}
    onResponderGrant={[Function]}
    onResponderMove={[Function]}
    onResponderRelease={[Function]}
    onResponderTerminate={[Function]}
    onResponderTerminationRequest={[Function]}
    onStartShouldSetResponder={[Function]}
    style={
      Object {
        "alignItems": "center",
        "justifyContent": "center",
        "opacity": 1,
        "padding": 10,
      }
    }
    testID="edit"
  >
    <Text
      allowFontScaling={false}
      selectable={false}
      style={
        Array [
          Object {
            "color": undefined,
            "fontSize": 12,
          },
          Object {
            "color": "#232b2b",
            "fontSize": 20,
          },
          Object {
            "fontFamily": "material-community",
            "fontStyle": "normal",
            "fontWeight": "normal",
          },
          Object {},
        ]
      }
    >
      󰏫
    </Text>
  </View>
  <View
    accessible={true}
    collapsable={false}
    focusable={true}
    onClick={[Function]}
    onResponderGrant={[Function]}
    onResponderMove={[Function]}
    onResponderRelease={[Function]}
    onResponderTerminate={[Function]}
    onResponderTerminationRequest={[Function]}
    onStartShouldSetResponder={[Function]}
    style={
      Object {
        "alignItems": "center",
        "justifyContent": "center",
        "opacity": 1,
        "padding": 10,
      }
    }
    testID="delete"
  >
    <Text
      allowFontScaling={false}
      selectable={false}
      style={
        Array [
          Object {
            "color": undefined,
            "fontSize": 12,
          },
          Object {
            "color": "#232b2b",
            "fontSize": 20,
          },
          Object {
            "fontFamily": "material-community",
            "fontStyle": "normal",
            "fontWeight": "normal",
          },
          Object {},
        ]
      }
    >
      󰩹
    </Text>
  </View>
</View>
`;
